src/modules/inventory/InventoryTab.tsx(114,102): error TS2783: 'qty' is specified more than once, so this usage will be overwritten.
